// Vitest Snapshot v1

exports[`should find function to inObject function relation 1`] = `
[
  {
    "from": "/main.ts",
    "id": "/main.ts->import { PlaywrightTestConfig } from '@playwright/experimental-ct-vue2'",
    "relationType": "import",
    "to": "import { PlaywrightTestConfig } from '@playwright/experimental-ct-vue2'",
    "type": "relationship",
  },
  {
    "entityType": "file",
    "filePath": "/main.ts",
    "id": "/main.ts",
    "type": "entity",
  },
  {
    "columnEnd": 72,
    "columnStart": 1,
    "end": 72,
    "entityType": "import_declaration",
    "filePath": "/main.ts",
    "id": "import { PlaywrightTestConfig } from '@playwright/experimental-ct-vue2'",
    "kind": "ImportDeclaration",
    "lineEnd": 2,
    "lineStart": 2,
    "start": 1,
    "type": "entity",
  },
  {
    "from": "/main.ts",
    "id": "/main.ts->import { devices } from '@playwright/test'",
    "relationType": "import",
    "to": "import { devices } from '@playwright/test'",
    "type": "relationship",
  },
  {
    "entityType": "file",
    "filePath": "/main.ts",
    "id": "/main.ts",
    "type": "entity",
  },
  {
    "columnEnd": 43,
    "columnStart": 1,
    "end": 115,
    "entityType": "import_declaration",
    "filePath": "/main.ts",
    "id": "import { devices } from '@playwright/test'",
    "kind": "ImportDeclaration",
    "lineEnd": 3,
    "lineStart": 3,
    "start": 73,
    "type": "entity",
  },
  {
    "from": "/main.ts",
    "id": "/main.ts->import { getViteConfig } from './playwright/vite/getViteConfig'",
    "relationType": "import",
    "to": "import { getViteConfig } from './playwright/vite/getViteConfig'",
    "type": "relationship",
  },
  {
    "entityType": "file",
    "filePath": "/main.ts",
    "id": "/main.ts",
    "type": "entity",
  },
  {
    "columnEnd": 64,
    "columnStart": 1,
    "end": 180,
    "entityType": "import_declaration",
    "filePath": "/main.ts",
    "id": "import { getViteConfig } from './playwright/vite/getViteConfig'",
    "kind": "ImportDeclaration",
    "lineEnd": 5,
    "lineStart": 5,
    "start": 117,
    "type": "entity",
  },
  {
    "columnEnd": 72,
    "columnStart": 1,
    "end": 72,
    "entityType": "import_declaration",
    "filePath": "/main.ts",
    "id": "import { PlaywrightTestConfig } from '@playwright/experimental-ct-vue2'",
    "kind": "ImportDeclaration",
    "lineEnd": 2,
    "lineStart": 2,
    "start": 1,
    "type": "entity",
  },
  {
    "columnEnd": 72,
    "columnStart": 1,
    "end": 72,
    "from": "/main.ts",
    "id": "/main.ts->import { PlaywrightTestConfig } from '@playwright/experimental-ct-vue2'",
    "kind": "ImportDeclaration",
    "lineEnd": 2,
    "lineStart": 2,
    "relationType": "import",
    "start": 1,
    "to": "import { PlaywrightTestConfig } from '@playwright/experimental-ct-vue2'",
    "type": "relationship",
  },
  {
    "columnEnd": 30,
    "columnStart": 10,
    "end": 30,
    "entityType": "variable",
    "filePath": "/main.ts",
    "id": "/main.ts/PlaywrightTestConfig",
    "kind": "ImportSpecifier",
    "lineEnd": 2,
    "lineStart": 2,
    "start": 10,
    "type": "entity",
  },
  {
    "columnEnd": 30,
    "columnStart": 10,
    "end": 30,
    "from": "/main.ts",
    "id": "/main.ts->/main.ts/PlaywrightTestConfig",
    "kind": "ImportSpecifier",
    "lineEnd": 2,
    "lineStart": 2,
    "relationType": "parent",
    "start": 10,
    "to": "/main.ts/PlaywrightTestConfig",
    "type": "relationship",
  },
  {
    "columnEnd": 43,
    "columnStart": 1,
    "end": 115,
    "entityType": "import_declaration",
    "filePath": "/main.ts",
    "id": "import { devices } from '@playwright/test'",
    "kind": "ImportDeclaration",
    "lineEnd": 3,
    "lineStart": 3,
    "start": 73,
    "type": "entity",
  },
  {
    "columnEnd": 43,
    "columnStart": 1,
    "end": 115,
    "from": "/main.ts",
    "id": "/main.ts->import { devices } from '@playwright/test'",
    "kind": "ImportDeclaration",
    "lineEnd": 3,
    "lineStart": 3,
    "relationType": "import",
    "start": 73,
    "to": "import { devices } from '@playwright/test'",
    "type": "relationship",
  },
  {
    "columnEnd": 17,
    "columnStart": 10,
    "end": 89,
    "entityType": "variable",
    "filePath": "/main.ts",
    "id": "/main.ts/devices",
    "kind": "ImportSpecifier",
    "lineEnd": 3,
    "lineStart": 3,
    "start": 82,
    "type": "entity",
  },
  {
    "columnEnd": 17,
    "columnStart": 10,
    "end": 89,
    "from": "/main.ts",
    "id": "/main.ts->/main.ts/devices",
    "kind": "ImportSpecifier",
    "lineEnd": 3,
    "lineStart": 3,
    "relationType": "parent",
    "start": 82,
    "to": "/main.ts/devices",
    "type": "relationship",
  },
  {
    "columnEnd": 17,
    "columnStart": 10,
    "end": 89,
    "entityType": "identifier",
    "filePath": "/main.ts",
    "id": "/main.ts/devices",
    "kind": "Identifier",
    "lineEnd": 3,
    "lineStart": 3,
    "start": 82,
    "type": "entity",
  },
  {
    "columnEnd": 64,
    "columnStart": 1,
    "end": 180,
    "entityType": "import_declaration",
    "filePath": "/main.ts",
    "id": "import { getViteConfig } from './playwright/vite/getViteConfig'",
    "kind": "ImportDeclaration",
    "lineEnd": 5,
    "lineStart": 5,
    "start": 117,
    "type": "entity",
  },
  {
    "columnEnd": 64,
    "columnStart": 1,
    "end": 180,
    "from": "/main.ts",
    "id": "/main.ts->import { getViteConfig } from './playwright/vite/getViteConfig'",
    "kind": "ImportDeclaration",
    "lineEnd": 5,
    "lineStart": 5,
    "relationType": "import",
    "start": 117,
    "to": "import { getViteConfig } from './playwright/vite/getViteConfig'",
    "type": "relationship",
  },
  {
    "columnEnd": 23,
    "columnStart": 10,
    "end": 139,
    "entityType": "variable",
    "filePath": "/main.ts",
    "id": "/main.ts/getViteConfig",
    "kind": "ImportSpecifier",
    "lineEnd": 5,
    "lineStart": 5,
    "start": 126,
    "type": "entity",
  },
  {
    "columnEnd": 23,
    "columnStart": 10,
    "end": 139,
    "from": "/main.ts",
    "id": "/main.ts->/main.ts/getViteConfig",
    "kind": "ImportSpecifier",
    "lineEnd": 5,
    "lineStart": 5,
    "relationType": "parent",
    "start": 126,
    "to": "/main.ts/getViteConfig",
    "type": "relationship",
  },
  {
    "columnEnd": 23,
    "columnStart": 10,
    "end": 139,
    "entityType": "identifier",
    "filePath": "/main.ts",
    "id": "/main.ts/getViteConfig",
    "kind": "Identifier",
    "lineEnd": 5,
    "lineStart": 5,
    "start": 126,
    "type": "entity",
  },
  {
    "columnEnd": 2,
    "columnStart": 7,
    "end": 918,
    "entityType": "variable",
    "filePath": "/main.ts",
    "id": "/main.ts/config",
    "kind": "VariableDeclaration",
    "lineEnd": 46,
    "lineStart": 7,
    "start": 188,
    "type": "entity",
  },
  {
    "columnEnd": 2,
    "columnStart": 7,
    "end": 918,
    "from": "/main.ts",
    "id": "/main.ts->/main.ts/config",
    "kind": "VariableDeclaration",
    "lineEnd": 46,
    "lineStart": 7,
    "relationType": "parent",
    "start": 188,
    "to": "/main.ts/config",
    "type": "relationship",
  },
  {
    "columnEnd": 2,
    "columnStart": 7,
    "end": 918,
    "entityType": "variable",
    "filePath": "/main.ts",
    "id": "/main.ts/config",
    "kind": "VariableDeclaration",
    "lineEnd": 46,
    "lineStart": 7,
    "start": 188,
    "type": "entity",
  },
  {
    "columnEnd": 2,
    "columnStart": 7,
    "end": 918,
    "from": "/main.ts",
    "id": "/main.ts->/main.ts/config",
    "kind": "VariableDeclaration",
    "lineEnd": 46,
    "lineStart": 7,
    "relationType": "parent",
    "start": 188,
    "to": "/main.ts/config",
    "type": "relationship",
  },
  {
    "columnEnd": 15,
    "columnStart": 3,
    "end": 235,
    "entityType": "property",
    "filePath": "/main.ts",
    "id": "/main.ts/config/testDir",
    "kind": "PropertyAssignment",
    "lineEnd": 8,
    "lineStart": 8,
    "start": 223,
    "type": "entity",
  },
  {
    "columnEnd": 15,
    "columnStart": 3,
    "end": 235,
    "from": "/main.ts/config",
    "id": "/main.ts/config->/main.ts/config/testDir",
    "kind": "PropertyAssignment",
    "lineEnd": 8,
    "lineStart": 8,
    "relationType": "parent",
    "start": 223,
    "to": "/main.ts/config/testDir",
    "type": "relationship",
  },
  {
    "columnEnd": 15,
    "columnStart": 3,
    "end": 235,
    "entityType": "property",
    "filePath": "/main.ts",
    "id": "/main.ts/config/testDir",
    "kind": "PropertyAssignment",
    "lineEnd": 8,
    "lineStart": 8,
    "start": 223,
    "type": "entity",
  },
  {
    "columnEnd": 15,
    "columnStart": 3,
    "end": 235,
    "from": "/main.ts/config",
    "id": "/main.ts/config->/main.ts/config/testDir",
    "kind": "PropertyAssignment",
    "lineEnd": 8,
    "lineStart": 8,
    "relationType": "parent",
    "start": 223,
    "to": "/main.ts/config/testDir",
    "type": "relationship",
  },
  {
    "columnEnd": 58,
    "columnStart": 3,
    "end": 294,
    "entityType": "property",
    "filePath": "/main.ts",
    "id": "/main.ts/config/testMatch",
    "kind": "PropertyAssignment",
    "lineEnd": 9,
    "lineStart": 9,
    "start": 239,
    "type": "entity",
  },
  {
    "columnEnd": 58,
    "columnStart": 3,
    "end": 294,
    "from": "/main.ts/config",
    "id": "/main.ts/config->/main.ts/config/testMatch",
    "kind": "PropertyAssignment",
    "lineEnd": 9,
    "lineStart": 9,
    "relationType": "parent",
    "start": 239,
    "to": "/main.ts/config/testMatch",
    "type": "relationship",
  },
  {
    "columnEnd": 58,
    "columnStart": 3,
    "end": 294,
    "entityType": "property",
    "filePath": "/main.ts",
    "id": "/main.ts/config/testMatch",
    "kind": "PropertyAssignment",
    "lineEnd": 9,
    "lineStart": 9,
    "start": 239,
    "type": "entity",
  },
  {
    "columnEnd": 58,
    "columnStart": 3,
    "end": 294,
    "from": "/main.ts/config",
    "id": "/main.ts/config->/main.ts/config/testMatch",
    "kind": "PropertyAssignment",
    "lineEnd": 9,
    "lineStart": 9,
    "relationType": "parent",
    "start": 239,
    "to": "/main.ts/config/testMatch",
    "type": "relationship",
  },
  {
    "columnEnd": 21,
    "columnStart": 3,
    "end": 316,
    "entityType": "property",
    "filePath": "/main.ts",
    "id": "/main.ts/config/timeout",
    "kind": "PropertyAssignment",
    "lineEnd": 10,
    "lineStart": 10,
    "start": 298,
    "type": "entity",
  },
  {
    "columnEnd": 21,
    "columnStart": 3,
    "end": 316,
    "from": "/main.ts/config",
    "id": "/main.ts/config->/main.ts/config/timeout",
    "kind": "PropertyAssignment",
    "lineEnd": 10,
    "lineStart": 10,
    "relationType": "parent",
    "start": 298,
    "to": "/main.ts/config/timeout",
    "type": "relationship",
  },
  {
    "columnEnd": 21,
    "columnStart": 3,
    "end": 316,
    "entityType": "property",
    "filePath": "/main.ts",
    "id": "/main.ts/config/timeout",
    "kind": "PropertyAssignment",
    "lineEnd": 10,
    "lineStart": 10,
    "start": 298,
    "type": "entity",
  },
  {
    "columnEnd": 21,
    "columnStart": 3,
    "end": 316,
    "from": "/main.ts/config",
    "id": "/main.ts/config->/main.ts/config/timeout",
    "kind": "PropertyAssignment",
    "lineEnd": 10,
    "lineStart": 10,
    "relationType": "parent",
    "start": 298,
    "to": "/main.ts/config/timeout",
    "type": "relationship",
  },
  {
    "columnEnd": 4,
    "columnStart": 3,
    "end": 352,
    "entityType": "property",
    "filePath": "/main.ts",
    "id": "/main.ts/config/expect",
    "kind": "PropertyAssignment",
    "lineEnd": 13,
    "lineStart": 11,
    "start": 320,
    "type": "entity",
  },
  {
    "columnEnd": 4,
    "columnStart": 3,
    "end": 352,
    "from": "/main.ts/config",
    "id": "/main.ts/config->/main.ts/config/expect",
    "kind": "PropertyAssignment",
    "lineEnd": 13,
    "lineStart": 11,
    "relationType": "parent",
    "start": 320,
    "to": "/main.ts/config/expect",
    "type": "relationship",
  },
  {
    "columnEnd": 4,
    "columnStart": 3,
    "end": 352,
    "entityType": "property",
    "filePath": "/main.ts",
    "id": "/main.ts/config/expect",
    "kind": "PropertyAssignment",
    "lineEnd": 13,
    "lineStart": 11,
    "start": 320,
    "type": "entity",
  },
  {
    "columnEnd": 4,
    "columnStart": 3,
    "end": 352,
    "from": "/main.ts/config",
    "id": "/main.ts/config->/main.ts/config/expect",
    "kind": "PropertyAssignment",
    "lineEnd": 13,
    "lineStart": 11,
    "relationType": "parent",
    "start": 320,
    "to": "/main.ts/config/expect",
    "type": "relationship",
  },
  {
    "columnEnd": 18,
    "columnStart": 5,
    "end": 347,
    "entityType": "property",
    "filePath": "/main.ts",
    "id": "/main.ts/config/expect/timeout",
    "kind": "PropertyAssignment",
    "lineEnd": 12,
    "lineStart": 12,
    "start": 334,
    "type": "entity",
  },
  {
    "columnEnd": 18,
    "columnStart": 5,
    "end": 347,
    "from": "/main.ts/config/expect",
    "id": "/main.ts/config/expect->/main.ts/config/expect/timeout",
    "kind": "PropertyAssignment",
    "lineEnd": 12,
    "lineStart": 12,
    "relationType": "parent",
    "start": 334,
    "to": "/main.ts/config/expect/timeout",
    "type": "relationship",
  },
  {
    "columnEnd": 18,
    "columnStart": 5,
    "end": 347,
    "entityType": "property",
    "filePath": "/main.ts",
    "id": "/main.ts/config/expect/timeout",
    "kind": "PropertyAssignment",
    "lineEnd": 12,
    "lineStart": 12,
    "start": 334,
    "type": "entity",
  },
  {
    "columnEnd": 18,
    "columnStart": 5,
    "end": 347,
    "from": "/main.ts/config/expect",
    "id": "/main.ts/config/expect->/main.ts/config/expect/timeout",
    "kind": "PropertyAssignment",
    "lineEnd": 12,
    "lineStart": 12,
    "relationType": "parent",
    "start": 334,
    "to": "/main.ts/config/expect/timeout",
    "type": "relationship",
  },
  {
    "columnEnd": 22,
    "columnStart": 3,
    "end": 375,
    "entityType": "property",
    "filePath": "/main.ts",
    "id": "/main.ts/config/fullyParallel",
    "kind": "PropertyAssignment",
    "lineEnd": 14,
    "lineStart": 14,
    "start": 356,
    "type": "entity",
  },
  {
    "columnEnd": 22,
    "columnStart": 3,
    "end": 375,
    "from": "/main.ts/config",
    "id": "/main.ts/config->/main.ts/config/fullyParallel",
    "kind": "PropertyAssignment",
    "lineEnd": 14,
    "lineStart": 14,
    "relationType": "parent",
    "start": 356,
    "to": "/main.ts/config/fullyParallel",
    "type": "relationship",
  },
  {
    "columnEnd": 22,
    "columnStart": 3,
    "end": 375,
    "entityType": "property",
    "filePath": "/main.ts",
    "id": "/main.ts/config/fullyParallel",
    "kind": "PropertyAssignment",
    "lineEnd": 14,
    "lineStart": 14,
    "start": 356,
    "type": "entity",
  },
  {
    "columnEnd": 22,
    "columnStart": 3,
    "end": 375,
    "from": "/main.ts/config",
    "id": "/main.ts/config->/main.ts/config/fullyParallel",
    "kind": "PropertyAssignment",
    "lineEnd": 14,
    "lineStart": 14,
    "relationType": "parent",
    "start": 356,
    "to": "/main.ts/config/fullyParallel",
    "type": "relationship",
  },
  {
    "columnEnd": 31,
    "columnStart": 3,
    "end": 407,
    "entityType": "property",
    "filePath": "/main.ts",
    "id": "/main.ts/config/forbidOnly",
    "kind": "PropertyAssignment",
    "lineEnd": 15,
    "lineStart": 15,
    "start": 379,
    "type": "entity",
  },
  {
    "columnEnd": 31,
    "columnStart": 3,
    "end": 407,
    "from": "/main.ts/config",
    "id": "/main.ts/config->/main.ts/config/forbidOnly",
    "kind": "PropertyAssignment",
    "lineEnd": 15,
    "lineStart": 15,
    "relationType": "parent",
    "start": 379,
    "to": "/main.ts/config/forbidOnly",
    "type": "relationship",
  },
  {
    "columnEnd": 31,
    "columnStart": 3,
    "end": 407,
    "entityType": "property",
    "filePath": "/main.ts",
    "id": "/main.ts/config/forbidOnly",
    "kind": "PropertyAssignment",
    "lineEnd": 15,
    "lineStart": 15,
    "start": 379,
    "type": "entity",
  },
  {
    "columnEnd": 31,
    "columnStart": 3,
    "end": 407,
    "from": "/main.ts/config",
    "id": "/main.ts/config->/main.ts/config/forbidOnly",
    "kind": "PropertyAssignment",
    "lineEnd": 15,
    "lineStart": 15,
    "relationType": "parent",
    "start": 379,
    "to": "/main.ts/config/forbidOnly",
    "type": "relationship",
  },
  {
    "columnEnd": 24,
    "columnStart": 17,
    "end": 400,
    "entityType": "identifier",
    "filePath": "/main.ts",
    "id": "/main.ts/config/forbidOnly/process",
    "kind": "Identifier",
    "lineEnd": 15,
    "lineStart": 15,
    "start": 393,
    "type": "entity",
  },
  {
    "columnEnd": 28,
    "columnStart": 25,
    "end": 404,
    "entityType": "identifier",
    "filePath": "/main.ts",
    "id": "/main.ts/config/forbidOnly/env",
    "kind": "Identifier",
    "lineEnd": 15,
    "lineStart": 15,
    "start": 401,
    "type": "entity",
  },
  {
    "columnEnd": 31,
    "columnStart": 29,
    "end": 407,
    "entityType": "identifier",
    "filePath": "/main.ts",
    "id": "/main.ts/config/forbidOnly/CI",
    "kind": "Identifier",
    "lineEnd": 15,
    "lineStart": 15,
    "start": 405,
    "type": "entity",
  },
  {
    "columnEnd": 34,
    "columnStart": 3,
    "end": 442,
    "entityType": "property",
    "filePath": "/main.ts",
    "id": "/main.ts/config/retries",
    "kind": "PropertyAssignment",
    "lineEnd": 16,
    "lineStart": 16,
    "start": 411,
    "type": "entity",
  },
  {
    "columnEnd": 34,
    "columnStart": 3,
    "end": 442,
    "from": "/main.ts/config",
    "id": "/main.ts/config->/main.ts/config/retries",
    "kind": "PropertyAssignment",
    "lineEnd": 16,
    "lineStart": 16,
    "relationType": "parent",
    "start": 411,
    "to": "/main.ts/config/retries",
    "type": "relationship",
  },
  {
    "columnEnd": 34,
    "columnStart": 3,
    "end": 442,
    "entityType": "property",
    "filePath": "/main.ts",
    "id": "/main.ts/config/retries",
    "kind": "PropertyAssignment",
    "lineEnd": 16,
    "lineStart": 16,
    "start": 411,
    "type": "entity",
  },
  {
    "columnEnd": 34,
    "columnStart": 3,
    "end": 442,
    "from": "/main.ts/config",
    "id": "/main.ts/config->/main.ts/config/retries",
    "kind": "PropertyAssignment",
    "lineEnd": 16,
    "lineStart": 16,
    "relationType": "parent",
    "start": 411,
    "to": "/main.ts/config/retries",
    "type": "relationship",
  },
  {
    "columnEnd": 19,
    "columnStart": 12,
    "end": 427,
    "entityType": "identifier",
    "filePath": "/main.ts",
    "id": "/main.ts/config/retries/process",
    "kind": "Identifier",
    "lineEnd": 16,
    "lineStart": 16,
    "start": 420,
    "type": "entity",
  },
  {
    "columnEnd": 23,
    "columnStart": 20,
    "end": 431,
    "entityType": "identifier",
    "filePath": "/main.ts",
    "id": "/main.ts/config/retries/env",
    "kind": "Identifier",
    "lineEnd": 16,
    "lineStart": 16,
    "start": 428,
    "type": "entity",
  },
  {
    "columnEnd": 26,
    "columnStart": 24,
    "end": 434,
    "entityType": "identifier",
    "filePath": "/main.ts",
    "id": "/main.ts/config/retries/CI",
    "kind": "Identifier",
    "lineEnd": 16,
    "lineStart": 16,
    "start": 432,
    "type": "entity",
  },
  {
    "columnEnd": 42,
    "columnStart": 3,
    "end": 485,
    "entityType": "property",
    "filePath": "/main.ts",
    "id": "/main.ts/config/workers",
    "kind": "PropertyAssignment",
    "lineEnd": 17,
    "lineStart": 17,
    "start": 446,
    "type": "entity",
  },
  {
    "columnEnd": 42,
    "columnStart": 3,
    "end": 485,
    "from": "/main.ts/config",
    "id": "/main.ts/config->/main.ts/config/workers",
    "kind": "PropertyAssignment",
    "lineEnd": 17,
    "lineStart": 17,
    "relationType": "parent",
    "start": 446,
    "to": "/main.ts/config/workers",
    "type": "relationship",
  },
  {
    "columnEnd": 42,
    "columnStart": 3,
    "end": 485,
    "entityType": "property",
    "filePath": "/main.ts",
    "id": "/main.ts/config/workers",
    "kind": "PropertyAssignment",
    "lineEnd": 17,
    "lineStart": 17,
    "start": 446,
    "type": "entity",
  },
  {
    "columnEnd": 42,
    "columnStart": 3,
    "end": 485,
    "from": "/main.ts/config",
    "id": "/main.ts/config->/main.ts/config/workers",
    "kind": "PropertyAssignment",
    "lineEnd": 17,
    "lineStart": 17,
    "relationType": "parent",
    "start": 446,
    "to": "/main.ts/config/workers",
    "type": "relationship",
  },
  {
    "columnEnd": 19,
    "columnStart": 12,
    "end": 462,
    "entityType": "identifier",
    "filePath": "/main.ts",
    "id": "/main.ts/config/workers/process",
    "kind": "Identifier",
    "lineEnd": 17,
    "lineStart": 17,
    "start": 455,
    "type": "entity",
  },
  {
    "columnEnd": 23,
    "columnStart": 20,
    "end": 466,
    "entityType": "identifier",
    "filePath": "/main.ts",
    "id": "/main.ts/config/workers/env",
    "kind": "Identifier",
    "lineEnd": 17,
    "lineStart": 17,
    "start": 463,
    "type": "entity",
  },
  {
    "columnEnd": 26,
    "columnStart": 24,
    "end": 469,
    "entityType": "identifier",
    "filePath": "/main.ts",
    "id": "/main.ts/config/workers/CI",
    "kind": "Identifier",
    "lineEnd": 17,
    "lineStart": 17,
    "start": 467,
    "type": "entity",
  },
  {
    "columnEnd": 42,
    "columnStart": 33,
    "end": 485,
    "entityType": "identifier",
    "filePath": "/main.ts",
    "id": "/main.ts/config/workers/undefined",
    "kind": "Identifier",
    "lineEnd": 17,
    "lineStart": 17,
    "start": 476,
    "type": "entity",
  },
  {
    "columnEnd": 19,
    "columnStart": 3,
    "end": 505,
    "entityType": "property",
    "filePath": "/main.ts",
    "id": "/main.ts/config/reporter",
    "kind": "PropertyAssignment",
    "lineEnd": 18,
    "lineStart": 18,
    "start": 489,
    "type": "entity",
  },
  {
    "columnEnd": 19,
    "columnStart": 3,
    "end": 505,
    "from": "/main.ts/config",
    "id": "/main.ts/config->/main.ts/config/reporter",
    "kind": "PropertyAssignment",
    "lineEnd": 18,
    "lineStart": 18,
    "relationType": "parent",
    "start": 489,
    "to": "/main.ts/config/reporter",
    "type": "relationship",
  },
  {
    "columnEnd": 19,
    "columnStart": 3,
    "end": 505,
    "entityType": "property",
    "filePath": "/main.ts",
    "id": "/main.ts/config/reporter",
    "kind": "PropertyAssignment",
    "lineEnd": 18,
    "lineStart": 18,
    "start": 489,
    "type": "entity",
  },
  {
    "columnEnd": 19,
    "columnStart": 3,
    "end": 505,
    "from": "/main.ts/config",
    "id": "/main.ts/config->/main.ts/config/reporter",
    "kind": "PropertyAssignment",
    "lineEnd": 18,
    "lineStart": 18,
    "relationType": "parent",
    "start": 489,
    "to": "/main.ts/config/reporter",
    "type": "relationship",
  },
  {
    "columnEnd": 4,
    "columnStart": 3,
    "end": 605,
    "entityType": "property",
    "filePath": "/main.ts",
    "id": "/main.ts/config/use",
    "kind": "PropertyAssignment",
    "lineEnd": 23,
    "lineStart": 19,
    "start": 509,
    "type": "entity",
  },
  {
    "columnEnd": 4,
    "columnStart": 3,
    "end": 605,
    "from": "/main.ts/config",
    "id": "/main.ts/config->/main.ts/config/use",
    "kind": "PropertyAssignment",
    "lineEnd": 23,
    "lineStart": 19,
    "relationType": "parent",
    "start": 509,
    "to": "/main.ts/config/use",
    "type": "relationship",
  },
  {
    "columnEnd": 4,
    "columnStart": 3,
    "end": 605,
    "entityType": "property",
    "filePath": "/main.ts",
    "id": "/main.ts/config/use",
    "kind": "PropertyAssignment",
    "lineEnd": 23,
    "lineStart": 19,
    "start": 509,
    "type": "entity",
  },
  {
    "columnEnd": 4,
    "columnStart": 3,
    "end": 605,
    "from": "/main.ts/config",
    "id": "/main.ts/config->/main.ts/config/use",
    "kind": "PropertyAssignment",
    "lineEnd": 23,
    "lineStart": 19,
    "relationType": "parent",
    "start": 509,
    "to": "/main.ts/config/use",
    "type": "relationship",
  },
  {
    "columnEnd": 21,
    "columnStart": 5,
    "end": 536,
    "entityType": "property",
    "filePath": "/main.ts",
    "id": "/main.ts/config/use/actionTimeout",
    "kind": "PropertyAssignment",
    "lineEnd": 20,
    "lineStart": 20,
    "start": 520,
    "type": "entity",
  },
  {
    "columnEnd": 21,
    "columnStart": 5,
    "end": 536,
    "from": "/main.ts/config/use",
    "id": "/main.ts/config/use->/main.ts/config/use/actionTimeout",
    "kind": "PropertyAssignment",
    "lineEnd": 20,
    "lineStart": 20,
    "relationType": "parent",
    "start": 520,
    "to": "/main.ts/config/use/actionTimeout",
    "type": "relationship",
  },
  {
    "columnEnd": 21,
    "columnStart": 5,
    "end": 536,
    "entityType": "property",
    "filePath": "/main.ts",
    "id": "/main.ts/config/use/actionTimeout",
    "kind": "PropertyAssignment",
    "lineEnd": 20,
    "lineStart": 20,
    "start": 520,
    "type": "entity",
  },
  {
    "columnEnd": 21,
    "columnStart": 5,
    "end": 536,
    "from": "/main.ts/config/use",
    "id": "/main.ts/config/use->/main.ts/config/use/actionTimeout",
    "kind": "PropertyAssignment",
    "lineEnd": 20,
    "lineStart": 20,
    "relationType": "parent",
    "start": 520,
    "to": "/main.ts/config/use/actionTimeout",
    "type": "relationship",
  },
  {
    "columnEnd": 28,
    "columnStart": 5,
    "end": 565,
    "entityType": "property",
    "filePath": "/main.ts",
    "id": "/main.ts/config/use/trace",
    "kind": "PropertyAssignment",
    "lineEnd": 21,
    "lineStart": 21,
    "start": 542,
    "type": "entity",
  },
  {
    "columnEnd": 28,
    "columnStart": 5,
    "end": 565,
    "from": "/main.ts/config/use",
    "id": "/main.ts/config/use->/main.ts/config/use/trace",
    "kind": "PropertyAssignment",
    "lineEnd": 21,
    "lineStart": 21,
    "relationType": "parent",
    "start": 542,
    "to": "/main.ts/config/use/trace",
    "type": "relationship",
  },
  {
    "columnEnd": 28,
    "columnStart": 5,
    "end": 565,
    "entityType": "property",
    "filePath": "/main.ts",
    "id": "/main.ts/config/use/trace",
    "kind": "PropertyAssignment",
    "lineEnd": 21,
    "lineStart": 21,
    "start": 542,
    "type": "entity",
  },
  {
    "columnEnd": 28,
    "columnStart": 5,
    "end": 565,
    "from": "/main.ts/config/use",
    "id": "/main.ts/config/use->/main.ts/config/use/trace",
    "kind": "PropertyAssignment",
    "lineEnd": 21,
    "lineStart": 21,
    "relationType": "parent",
    "start": 542,
    "to": "/main.ts/config/use/trace",
    "type": "relationship",
  },
  {
    "columnEnd": 34,
    "columnStart": 5,
    "end": 600,
    "entityType": "property",
    "filePath": "/main.ts",
    "id": "/main.ts/config/use/ctViteConfig",
    "kind": "PropertyAssignment",
    "lineEnd": 22,
    "lineStart": 22,
    "start": 571,
    "type": "entity",
  },
  {
    "columnEnd": 34,
    "columnStart": 5,
    "end": 600,
    "from": "/main.ts/config/use",
    "id": "/main.ts/config/use->/main.ts/config/use/ctViteConfig",
    "kind": "PropertyAssignment",
    "lineEnd": 22,
    "lineStart": 22,
    "relationType": "parent",
    "start": 571,
    "to": "/main.ts/config/use/ctViteConfig",
    "type": "relationship",
  },
  {
    "columnEnd": 34,
    "columnStart": 5,
    "end": 600,
    "entityType": "property",
    "filePath": "/main.ts",
    "id": "/main.ts/config/use/ctViteConfig",
    "kind": "PropertyAssignment",
    "lineEnd": 22,
    "lineStart": 22,
    "start": 571,
    "type": "entity",
  },
  {
    "columnEnd": 34,
    "columnStart": 5,
    "end": 600,
    "from": "/main.ts/config/use",
    "id": "/main.ts/config/use->/main.ts/config/use/ctViteConfig",
    "kind": "PropertyAssignment",
    "lineEnd": 22,
    "lineStart": 22,
    "relationType": "parent",
    "start": 571,
    "to": "/main.ts/config/use/ctViteConfig",
    "type": "relationship",
  },
  {
    "columnEnd": 32,
    "columnStart": 19,
    "end": 598,
    "entityType": "identifier",
    "filePath": "/main.ts",
    "id": "/main.ts/config/use/ctViteConfig/getViteConfig",
    "kind": "Identifier",
    "lineEnd": 22,
    "lineStart": 22,
    "start": 585,
    "type": "entity",
  },
  {
    "columnEnd": 4,
    "columnStart": 3,
    "end": 915,
    "entityType": "property",
    "filePath": "/main.ts",
    "id": "/main.ts/config/projects",
    "kind": "PropertyAssignment",
    "lineEnd": 45,
    "lineStart": 24,
    "start": 609,
    "type": "entity",
  },
  {
    "columnEnd": 4,
    "columnStart": 3,
    "end": 915,
    "from": "/main.ts/config",
    "id": "/main.ts/config->/main.ts/config/projects",
    "kind": "PropertyAssignment",
    "lineEnd": 45,
    "lineStart": 24,
    "relationType": "parent",
    "start": 609,
    "to": "/main.ts/config/projects",
    "type": "relationship",
  },
  {
    "columnEnd": 4,
    "columnStart": 3,
    "end": 915,
    "entityType": "property",
    "filePath": "/main.ts",
    "id": "/main.ts/config/projects",
    "kind": "PropertyAssignment",
    "lineEnd": 45,
    "lineStart": 24,
    "start": 609,
    "type": "entity",
  },
  {
    "columnEnd": 4,
    "columnStart": 3,
    "end": 915,
    "from": "/main.ts/config",
    "id": "/main.ts/config->/main.ts/config/projects",
    "kind": "PropertyAssignment",
    "lineEnd": 45,
    "lineStart": 24,
    "relationType": "parent",
    "start": 609,
    "to": "/main.ts/config/projects",
    "type": "relationship",
  },
  {
    "columnEnd": 23,
    "columnStart": 7,
    "end": 649,
    "entityType": "property",
    "filePath": "/main.ts",
    "id": "/main.ts/config/projects/name",
    "kind": "PropertyAssignment",
    "lineEnd": 26,
    "lineStart": 26,
    "start": 633,
    "type": "entity",
  },
  {
    "columnEnd": 23,
    "columnStart": 7,
    "end": 649,
    "from": "/main.ts/config/projects",
    "id": "/main.ts/config/projects->/main.ts/config/projects/name",
    "kind": "PropertyAssignment",
    "lineEnd": 26,
    "lineStart": 26,
    "relationType": "parent",
    "start": 633,
    "to": "/main.ts/config/projects/name",
    "type": "relationship",
  },
  {
    "columnEnd": 23,
    "columnStart": 7,
    "end": 649,
    "entityType": "property",
    "filePath": "/main.ts",
    "id": "/main.ts/config/projects/name",
    "kind": "PropertyAssignment",
    "lineEnd": 26,
    "lineStart": 26,
    "start": 633,
    "type": "entity",
  },
  {
    "columnEnd": 23,
    "columnStart": 7,
    "end": 649,
    "from": "/main.ts/config/projects",
    "id": "/main.ts/config/projects->/main.ts/config/projects/name",
    "kind": "PropertyAssignment",
    "lineEnd": 26,
    "lineStart": 26,
    "relationType": "parent",
    "start": 633,
    "to": "/main.ts/config/projects/name",
    "type": "relationship",
  },
  {
    "columnEnd": 8,
    "columnStart": 7,
    "end": 709,
    "entityType": "property",
    "filePath": "/main.ts",
    "id": "/main.ts/config/projects/use",
    "kind": "PropertyAssignment",
    "lineEnd": 29,
    "lineStart": 27,
    "start": 657,
    "type": "entity",
  },
  {
    "columnEnd": 8,
    "columnStart": 7,
    "end": 709,
    "from": "/main.ts/config/projects",
    "id": "/main.ts/config/projects->/main.ts/config/projects/use",
    "kind": "PropertyAssignment",
    "lineEnd": 29,
    "lineStart": 27,
    "relationType": "parent",
    "start": 657,
    "to": "/main.ts/config/projects/use",
    "type": "relationship",
  },
  {
    "columnEnd": 8,
    "columnStart": 7,
    "end": 709,
    "entityType": "property",
    "filePath": "/main.ts",
    "id": "/main.ts/config/projects/use",
    "kind": "PropertyAssignment",
    "lineEnd": 29,
    "lineStart": 27,
    "start": 657,
    "type": "entity",
  },
  {
    "columnEnd": 8,
    "columnStart": 7,
    "end": 709,
    "from": "/main.ts/config/projects",
    "id": "/main.ts/config/projects->/main.ts/config/projects/use",
    "kind": "PropertyAssignment",
    "lineEnd": 29,
    "lineStart": 27,
    "relationType": "parent",
    "start": 657,
    "to": "/main.ts/config/projects/use",
    "type": "relationship",
  },
  {
    "columnEnd": 19,
    "columnStart": 12,
    "end": 682,
    "entityType": "identifier",
    "filePath": "/main.ts",
    "id": "/main.ts/config/projects/use/devices",
    "kind": "Identifier",
    "lineEnd": 28,
    "lineStart": 28,
    "start": 675,
    "type": "entity",
  },
  {
    "columnEnd": 22,
    "columnStart": 7,
    "end": 746,
    "entityType": "property",
    "filePath": "/main.ts",
    "id": "/main.ts/config/projects/name",
    "kind": "PropertyAssignment",
    "lineEnd": 33,
    "lineStart": 33,
    "start": 731,
    "type": "entity",
  },
  {
    "columnEnd": 22,
    "columnStart": 7,
    "end": 746,
    "from": "/main.ts/config/projects",
    "id": "/main.ts/config/projects->/main.ts/config/projects/name",
    "kind": "PropertyAssignment",
    "lineEnd": 33,
    "lineStart": 33,
    "relationType": "parent",
    "start": 731,
    "to": "/main.ts/config/projects/name",
    "type": "relationship",
  },
  {
    "columnEnd": 22,
    "columnStart": 7,
    "end": 746,
    "entityType": "property",
    "filePath": "/main.ts",
    "id": "/main.ts/config/projects/name",
    "kind": "PropertyAssignment",
    "lineEnd": 33,
    "lineStart": 33,
    "start": 731,
    "type": "entity",
  },
  {
    "columnEnd": 22,
    "columnStart": 7,
    "end": 746,
    "from": "/main.ts/config/projects",
    "id": "/main.ts/config/projects->/main.ts/config/projects/name",
    "kind": "PropertyAssignment",
    "lineEnd": 33,
    "lineStart": 33,
    "relationType": "parent",
    "start": 731,
    "to": "/main.ts/config/projects/name",
    "type": "relationship",
  },
  {
    "columnEnd": 8,
    "columnStart": 7,
    "end": 807,
    "entityType": "property",
    "filePath": "/main.ts",
    "id": "/main.ts/config/projects/use",
    "kind": "PropertyAssignment",
    "lineEnd": 36,
    "lineStart": 34,
    "start": 754,
    "type": "entity",
  },
  {
    "columnEnd": 8,
    "columnStart": 7,
    "end": 807,
    "from": "/main.ts/config/projects",
    "id": "/main.ts/config/projects->/main.ts/config/projects/use",
    "kind": "PropertyAssignment",
    "lineEnd": 36,
    "lineStart": 34,
    "relationType": "parent",
    "start": 754,
    "to": "/main.ts/config/projects/use",
    "type": "relationship",
  },
  {
    "columnEnd": 8,
    "columnStart": 7,
    "end": 807,
    "entityType": "property",
    "filePath": "/main.ts",
    "id": "/main.ts/config/projects/use",
    "kind": "PropertyAssignment",
    "lineEnd": 36,
    "lineStart": 34,
    "start": 754,
    "type": "entity",
  },
  {
    "columnEnd": 8,
    "columnStart": 7,
    "end": 807,
    "from": "/main.ts/config/projects",
    "id": "/main.ts/config/projects->/main.ts/config/projects/use",
    "kind": "PropertyAssignment",
    "lineEnd": 36,
    "lineStart": 34,
    "relationType": "parent",
    "start": 754,
    "to": "/main.ts/config/projects/use",
    "type": "relationship",
  },
  {
    "columnEnd": 19,
    "columnStart": 12,
    "end": 779,
    "entityType": "identifier",
    "filePath": "/main.ts",
    "id": "/main.ts/config/projects/use/devices",
    "kind": "Identifier",
    "lineEnd": 35,
    "lineStart": 35,
    "start": 772,
    "type": "entity",
  },
  {
    "columnEnd": 21,
    "columnStart": 7,
    "end": 843,
    "entityType": "property",
    "filePath": "/main.ts",
    "id": "/main.ts/config/projects/name",
    "kind": "PropertyAssignment",
    "lineEnd": 40,
    "lineStart": 40,
    "start": 829,
    "type": "entity",
  },
  {
    "columnEnd": 21,
    "columnStart": 7,
    "end": 843,
    "from": "/main.ts/config/projects",
    "id": "/main.ts/config/projects->/main.ts/config/projects/name",
    "kind": "PropertyAssignment",
    "lineEnd": 40,
    "lineStart": 40,
    "relationType": "parent",
    "start": 829,
    "to": "/main.ts/config/projects/name",
    "type": "relationship",
  },
  {
    "columnEnd": 21,
    "columnStart": 7,
    "end": 843,
    "entityType": "property",
    "filePath": "/main.ts",
    "id": "/main.ts/config/projects/name",
    "kind": "PropertyAssignment",
    "lineEnd": 40,
    "lineStart": 40,
    "start": 829,
    "type": "entity",
  },
  {
    "columnEnd": 21,
    "columnStart": 7,
    "end": 843,
    "from": "/main.ts/config/projects",
    "id": "/main.ts/config/projects->/main.ts/config/projects/name",
    "kind": "PropertyAssignment",
    "lineEnd": 40,
    "lineStart": 40,
    "relationType": "parent",
    "start": 829,
    "to": "/main.ts/config/projects/name",
    "type": "relationship",
  },
  {
    "columnEnd": 8,
    "columnStart": 7,
    "end": 903,
    "entityType": "property",
    "filePath": "/main.ts",
    "id": "/main.ts/config/projects/use",
    "kind": "PropertyAssignment",
    "lineEnd": 43,
    "lineStart": 41,
    "start": 851,
    "type": "entity",
  },
  {
    "columnEnd": 8,
    "columnStart": 7,
    "end": 903,
    "from": "/main.ts/config/projects",
    "id": "/main.ts/config/projects->/main.ts/config/projects/use",
    "kind": "PropertyAssignment",
    "lineEnd": 43,
    "lineStart": 41,
    "relationType": "parent",
    "start": 851,
    "to": "/main.ts/config/projects/use",
    "type": "relationship",
  },
  {
    "columnEnd": 8,
    "columnStart": 7,
    "end": 903,
    "entityType": "property",
    "filePath": "/main.ts",
    "id": "/main.ts/config/projects/use",
    "kind": "PropertyAssignment",
    "lineEnd": 43,
    "lineStart": 41,
    "start": 851,
    "type": "entity",
  },
  {
    "columnEnd": 8,
    "columnStart": 7,
    "end": 903,
    "from": "/main.ts/config/projects",
    "id": "/main.ts/config/projects->/main.ts/config/projects/use",
    "kind": "PropertyAssignment",
    "lineEnd": 43,
    "lineStart": 41,
    "relationType": "parent",
    "start": 851,
    "to": "/main.ts/config/projects/use",
    "type": "relationship",
  },
  {
    "columnEnd": 19,
    "columnStart": 12,
    "end": 876,
    "entityType": "identifier",
    "filePath": "/main.ts",
    "id": "/main.ts/config/projects/use/devices",
    "kind": "Identifier",
    "lineEnd": 42,
    "lineStart": 42,
    "start": 869,
    "type": "entity",
  },
  {
    "columnEnd": 2,
    "columnStart": 7,
    "end": 918,
    "entityType": "variable",
    "filePath": "/main.ts",
    "id": "/main.ts/config",
    "kind": "VariableDeclaration",
    "lineEnd": 46,
    "lineStart": 7,
    "start": 188,
    "type": "entity",
  },
  {
    "from": "/main.ts",
    "id": "/main.ts->/main.ts/config",
    "relationType": "use",
    "to": "/main.ts/config",
    "type": "relationship",
  },
  {
    "entityType": "file",
    "filePath": "/main.ts",
    "id": "/main.ts",
    "type": "entity",
  },
]
`;
